fixAidlGeneratedJava: patched C:\Project\WAE\app\build\generated\aidl_source_output_dir\businessDebug\out\com\wmods\wppenhacer\xposed\bridge\WaeIIFace.java
fixAidlGeneratedJava: patched C:\Project\WAE\app\build\generated\aidl_source_output_dir\businessRelease\out\com\wmods\wppenhacer\xposed\bridge\WaeIIFace.java
fixAidlGeneratedJava: patched C:\Project\WAE\app\build\generated\aidl_source_output_dir\whatsappDebug\out\com\wmods\wppenhacer\xposed\bridge\WaeIIFace.java
fixAidlGeneratedJava: patched C:\Project\WAE\app\build\generated\aidl_source_output_dir\whatsappRelease\out\com\wmods\wppenhacer\xposed\bridge\WaeIIFace.java
fixAidlGeneratedJava: patched 4 file(s).
cmd : C:\Project\WAE\app\src\main\java\com\wmods\wppenhacer\xposed\features\others\SettingsInjector.java:359: error: 
cannot find symbol
At line:1 char:1
+ cmd /c gradlew assembleWhatsappDebug -q > build_errors.txt 2>&1
+ ~~~~~~~~~~~~~~~~~~~~~~~~~~~~~~~~~~~~~~~~~~~~~~~~~~~~~~~~~~~~~~~
    + CategoryInfo          : NotSpecified: (C:\Project\WAE\...not find symbol:String) [], RemoteException
    + FullyQualifiedErrorId : NativeCommandError
 
            summaryText.setText(com.wmods.wppenhacer.xposed.core.FeatureLoader.getModuleString(
                                                                              ^
  symbol:   method getModuleString(String,String)
  location: class FeatureLoader
Note: Some input files use or override a deprecated API.
Note: Recompile with -Xlint:deprecation for details.
Note: Some input files use unchecked or unsafe operations.
Note: Recompile with -Xlint:unchecked for details.
1 error

FAILURE: Build failed with an exception.

* What went wrong:
Execution failed for task ':app:compileWhatsappDebugJavaWithJavac'.
> Compilation failed; see the compiler output below.
  C:\Project\WAE\app\src\main\java\com\wmods\wppenhacer\xposed\features\others\SettingsInjector.java:359: error: 
cannot find symbol
              summaryText.setText(com.wmods.wppenhacer.xposed.core.FeatureLoader.getModuleString(
                                                                                ^
    symbol:   method getModuleString(String,String)
    location: class FeatureLoader
  Note: Some input files use or override a deprecated API.
  Note: Recompile with -Xlint:deprecation for details.
  Note: Some input files use unchecked or unsafe operations.
  Note: Recompile with -Xlint:unchecked for details.
  1 error

* Try:
> Check your code and dependencies to fix the compilation error(s)
> Run with --scan to get full insights.

BUILD FAILED in 8s
